
[INFO ] xcp_client - version 4.0.1
[INFO ] Default event mainloop for variables without a fixed event
[INFO ] Using A2L file name from command line argument: /Users/rainer/git/XCPlite-RainerZ/examples/no_a2l_demo_cpp/CANape/no_a2l_demo_cpp.a2l
[INFO ] A2L path: /Users/rainer/git/XCPlite-RainerZ/examples/no_a2l_demo_cpp/CANape/no_a2l_demo_cpp.a2l
[INFO ] Generate A2L file /Users/rainer/git/XCPlite-RainerZ/examples/no_a2l_demo_cpp/CANape/no_a2l_demo_cpp.a2l with ELF/DWARF information only,  offline mode 
[INFO ] Reading ELF file: /Users/rainer/git/XCPlite-RainerZ/examples/no_a2l_demo_cpp/CANape/no_a2l_demo_cpp.elf
[INFO ] Parsing ELF object file /Users/rainer/git/XCPlite-RainerZ/examples/no_a2l_demo_cpp/CANape/no_a2l_demo_cpp.elf

====================================================================================================
Format: Elf
Architecture: Aarch64
Endianness: Little

Sections:
  Name: .interp              Addr: 0x00000238 Size: 27 bytes Kind: ReadOnlyData 
  Name: .note.gnu.build-id   Addr: 0x00000254 Size: 36 bytes Kind: Note 
  Name: .note.ABI-tag        Addr: 0x00000278 Size: 32 bytes Kind: Note 
  Name: .hash                Addr: 0x00000298 Size: 604 bytes Kind: Metadata 
  Name: .gnu.hash            Addr: 0x000004f8 Size: 28 bytes Kind: Elf(1879048182) 
  Name: .dynsym              Addr: 0x00000518 Size: 1968 bytes Kind: Metadata 
  Name: .dynstr              Addr: 0x00000cc8 Size: 1217 bytes Kind: Metadata 
  Name: .gnu.version         Addr: 0x0000118a Size: 164 bytes Kind: Elf(1879048191) 
  Name: .gnu.version_r       Addr: 0x00001230 Size: 160 bytes Kind: Elf(1879048190) 
  Name: .rela.dyn            Addr: 0x000012d0 Size: 960 bytes Kind: Metadata 
  Name: .rela.plt            Addr: 0x00001690 Size: 1776 bytes Kind: Metadata 
  Name: .init                Addr: 0x00001d80 Size: 24 bytes Kind: Text 
  Name: .plt                 Addr: 0x00001da0 Size: 1216 bytes Kind: Text 
  Name: .text                Addr: 0x00002280 Size: 43104 bytes Kind: Text 
  Name: .fini                Addr: 0x0000cae0 Size: 20 bytes Kind: Text 
  Name: .rodata              Addr: 0x0000caf8 Size: 13742 bytes Kind: ReadOnlyData 
  Name: xcp_meta             Addr: 0x000100a8 Size: 400 bytes Kind: ReadOnlyData 
  Name: xcp_epk              Addr: 0x00010238 Size: 8 bytes Kind: ReadOnlyData 
  Name: .eh_frame_hdr        Addr: 0x00010240 Size: 1708 bytes Kind: ReadOnlyData 
  Name: .eh_frame            Addr: 0x000108f0 Size: 6172 bytes Kind: ReadOnlyData 
  Name: .gcc_except_table    Addr: 0x0001210c Size: 136 bytes Kind: ReadOnlyData 
  Name: .init_array          Addr: 0x0002fd00 Size: 24 bytes Kind: Elf(14) 
  Name: .fini_array          Addr: 0x0002fd18 Size: 8 bytes Kind: Elf(15) 
  Name: .data.rel.ro         Addr: 0x0002fd20 Size: 16 bytes Kind: Data 
  Name: .dynamic             Addr: 0x0002fd30 Size: 560 bytes Kind: Metadata 
  Name: .got                 Addr: 0x0002ff60 Size: 136 bytes Kind: Data 
  Name: .got.plt             Addr: 0x0002ffe8 Size: 616 bytes Kind: Data 
  Name: .data                Addr: 0x00030250 Size: 134 bytes Kind: Data 
  Name: xcp_cals             Addr: 0x000302d8 Size: 128 bytes Kind: Data 
  Name: xcp_evts             Addr: 0x00030358 Size: 64 bytes Kind: Data 
  Name: .bss                 Addr: 0x00030398 Size: 10024 bytes Kind: UninitializedData 
  Name: .comment             Addr: 0x00000000 Size: 67 bytes Kind: OtherString 
  Name: .debug_info          Addr: 0x00000000 Size: 46195 bytes Kind: Other 
  Name: .debug_abbrev        Addr: 0x00000000 Size: 8410 bytes Kind: Other 
  Name: .debug_line          Addr: 0x00000000 Size: 25631 bytes Kind: Other 
  Name: .debug_str           Addr: 0x00000000 Size: 23502 bytes Kind: OtherString 
  Name: .debug_addr          Addr: 0x00000000 Size: 6264 bytes Kind: Other 
  Name: .debug_line_str      Addr: 0x00000000 Size: 1825 bytes Kind: OtherString 
  Name: .debug_loclists      Addr: 0x00000000 Size: 17608 bytes Kind: Other 
  Name: .debug_rnglists      Addr: 0x00000000 Size: 2738 bytes Kind: Other 
  Name: .debug_str_offsets   Addr: 0x00000000 Size: 9480 bytes Kind: Other 
  Name: .symtab              Addr: 0x00000000 Size: 15768 bytes Kind: Metadata 
  Name: .strtab              Addr: 0x00000000 Size: 8550 bytes Kind: Metadata 
  Name: .shstrtab            Addr: 0x00000000 Size: 453 bytes Kind: Metadata 

[INFO ] Loading DWARF sections
[INFO ] EPK string read from xcp_epk section: 'V2.1.10' at address 0x00010238
[WARN ] main_cpp:298: 'test_int16': variable location is stack-pointer-relative (DW_OP_breg31 <offset>), not frame-base-relative; not measurable yet, eval_result=RequiresRegister { register: Register(31), base_type: UnitOffset(0) }
[WARN ] main_cpp:299: 'test_int32': variable location is stack-pointer-relative (DW_OP_breg31 <offset>), not frame-base-relative; not measurable yet, eval_result=RequiresRegister { register: Register(31), base_type: UnitOffset(0) }
[WARN ] main_cpp:300: 'test_int64': variable location is stack-pointer-relative (DW_OP_breg31 <offset>), not frame-base-relative; not measurable yet, eval_result=RequiresRegister { register: Register(31), base_type: UnitOffset(0) }
[WARN ] main_cpp: 'counter': variable location is stack-pointer-relative (DW_OP_breg31 <offset>), not frame-base-relative; not measurable yet, eval_result=RequiresRegister { register: Register(31), base_type: UnitOffset(0) }
[WARN ] main_cpp:331: 'counter_ctl': the variable is split into 2 slices (DW_OP_piece), not measurable: [Piece { size_in_bits: Some(64), bit_offset: None, location: Address { address: 0 } }, Piece { size_in_bits: Some(32), bit_offset: None, location: Register { register: Register(8) } }]
[WARN ] main_cpp:354: 'delay': location is a register Register(20)
[WARN ] main_cpp: 'cal': the variable is split into 2 slices (DW_OP_piece), not measurable: [Piece { size_in_bits: Some(64), bit_offset: None, location: Address { address: 0 } }, Piece { size_in_bits: Some(64), bit_offset: None, location: Register { register: Register(27) } }]
[WARN ] main_cpp: 'cal': the variable is split into 2 slices (DW_OP_piece), not measurable: [Piece { size_in_bits: Some(64), bit_offset: None, location: Address { address: 0 } }, Piece { size_in_bits: Some(64), bit_offset: None, location: Register { register: Register(27) } }]
[WARN ] main_cpp:391: 'counter': variable location is stack-pointer-relative (DW_OP_breg31 <offset>), not frame-base-relative; not measurable yet, eval_result=RequiresRegister { register: Register(31), base_type: UnitOffset(0) }
[WARN ] main_cpp:433: 'delay': location is a register Register(22)
[WARN ] main_cpp: 'cal': only a slice of the variable has a location (DW_OP_piece), not measurable: Piece { size_in_bits: Some(16), bit_offset: None, location: Register { register: Register(21) } }
[WARN ] main_cpp: 'cal': only a slice of the variable has a location (DW_OP_piece), not measurable: Piece { size_in_bits: Some(16), bit_offset: None, location: Register { register: Register(21) } }
[WARN ] main_cpp: 'cal': only a slice of the variable has a location (DW_OP_piece), not measurable: Piece { size_in_bits: Some(16), bit_offset: None, location: Register { register: Register(21) } }
[WARN ] main_cpp: 'cal': only a slice of the variable has a location (DW_OP_piece), not measurable: Piece { size_in_bits: Some(16), bit_offset: None, location: Register { register: Register(21) } }
[WARN ] main_cpp:415: 'params': the variable is split into 2 slices (DW_OP_piece), not measurable: [Piece { size_in_bits: Some(64), bit_offset: None, location: Address { address: 0 } }, Piece { size_in_bits: Some(64), bit_offset: None, location: Register { register: Register(22) } }]
[INFO ] Compiler: Debian clang version 14.0.6

====================================================================================================
DebugData information summary:
  Compilation units: 9 units
  Compiler: Debian clang version 14.0.6
  Sections: 31
  Endianness: Little Endian
  Variables 641 with 274 unique names
  Demangled names: 0 entries
  Type names: 134 named types
  Types: 509 total types
  EPK string: `V2.1.10` at address 0x00010238
  XCP metadata section (xcp_meta) found at address 0x000100A8, 400 bytes

====================================================================================================
Compilation units in debug_data.unit_names:
  Unit 0: main_cpp
  Unit 1: xcpappl_c
  Unit 2: xcplite_c
  Unit 3: xcpethserver_c
  Unit 4: xcpethtl_c
  Unit 5: queue64v_c
  Unit 6: cal_c
  Unit 7: platform_c
  Unit 8: sockets_c

====================================================================================================
DWARF sections by address:
  '.interp': 0x00000238, 568 bytes (595)
  '.note.gnu.build-id': 0x00000254, 28 bytes (632)
  '.note.ABI-tag': 0x00000278, 36 bytes (664)
  '.hash': 0x00000298, 32 bytes (1268)
  '.gnu.hash': 0x000004f8, 608 bytes (1300)
  '.dynsym': 0x00000518, 32 bytes (3272)
  '.dynstr': 0x00000cc8, 1968 bytes (4489)
  '.gnu.version': 0x0000118a, 1218 bytes (4654)
  '.gnu.version_r': 0x00001230, 166 bytes (4816)
  '.rela.dyn': 0x000012d0, 160 bytes (5776)
  '.rela.plt': 0x00001690, 960 bytes (7552)
  '.init': 0x00001d80, 1776 bytes (7576)
  '.plt': 0x00001da0, 32 bytes (8800)
  '.text': 0x00002280, 1248 bytes (51936)
  '.fini': 0x0000cae0, 43104 bytes (51956)
  '.rodata': 0x0000caf8, 24 bytes (65702)
  'xcp_meta': 0x000100a8, 13744 bytes (66104)
  'xcp_epk': 0x00010238, 400 bytes (66112)
  '.eh_frame_hdr': 0x00010240, 8 bytes (67820)
  '.eh_frame': 0x000108f0, 1712 bytes (73996)
  '.gcc_except_table': 0x0001210c, 6172 bytes (74132)
  '.init_array': 0x0002fd00, 121844 bytes (195864)
  '.fini_array': 0x0002fd18, 24 bytes (195872)
  '.data.rel.ro': 0x0002fd20, 8 bytes (195888)
  '.dynamic': 0x0002fd30, 16 bytes (196448)
  '.got': 0x0002ff60, 560 bytes (196584)
  '.got.plt': 0x0002ffe8, 136 bytes (197200)
  '.data': 0x00030250, 616 bytes (197334)
  'xcp_cals': 0x000302d8, 136 bytes (197464)
  'xcp_evts': 0x00030358, 128 bytes (197528)
  '.bss': 0x00030398, 64 bytes (207552)

====================================================================================================
A2L Creator variables:
calseg__params':  main_cpp:'<global>' : addr=0:0x000302D8
xcp_meta__min__params__delay_us':  main_cpp:'<global>' : addr=0:0x000100A8
xcp_meta__max__params__delay_us':  main_cpp:'<global>' : addr=0:0x000100B0
xcp_meta__unit__params__delay_us':  main_cpp:'<global>' : addr=0:0x000100B8
xcp_meta__comment__global_counter':  main_cpp:'<global>' : addr=0:0x000100BB
xcp_meta__comment__input':  main_cpp:'<global>' motor_control: addr=0:0x000100D7
calseg__counter_ctl_params':  main_cpp:'<global>' : addr=0:0x000302F8
xcp_meta__comment__bar__static_counter':  main_cpp:'bar' : addr=0:0x000100FF
xcp_meta__read_write__bar__static_counter':  main_cpp:'bar' : addr=0:0x0001013B
evt__bar':  main_cpp:'bar' : addr=0:0x00030358
trg__AAS__bar':  main_cpp:'bar' : addr=0:0x00000000
xcp_meta__comment__static_counter':  main_cpp:'foo' : addr=0:0x0001013C
xcp_meta__comment__counter':  main_cpp:'foo' : addr=0:0x00010170
evt__foo':  main_cpp:'foo' : addr=0:0x00030368
trg__AASR__foo':  main_cpp:'foo' : addr=0:0x00000000
cap__foo':  main_cpp:'foo' : addr=128:0x00000000
calseg__task_counter_ctl_params':  main_cpp:'task' : addr=0:0x00030318
xcp_meta__comment__task__static_counter':  main_cpp:'task' : addr=0:0x000101A6
xcp_meta__comment__task__counter':  main_cpp:'task' : addr=0:0x000101D9
evt__task':  main_cpp:'task' : addr=0:0x00030378
trg__AASR__task':  main_cpp:'task' : addr=0:0x00000000
cap__task':  main_cpp:'task' : addr=128:0x00000000
xcp_epk__':  main_cpp:'main' : addr=0:0x00010238
xcp_meta__comment__main__counter':  main_cpp:'main' : addr=0:0x00010205
xcp_meta__comment__main__static_counter':  main_cpp:'main' : addr=0:0x0001021B
evt__mainloop':  main_cpp:'main' : addr=0:0x00030388
trg__AASR__mainloop':  main_cpp:'main' : addr=0:0x00000000
xcp_epk__keep':  main_cpp:'main' : addr=128:0x00000000
cap__mainloop':  main_cpp:'main' : addr=128:0x00000000
XCPLITE__ACSDD':  xcplite_c:'<global>' : addr=0:0x0000D168
calseg__epk':  xcplite_c:'XcpInit' : addr=0:0x00030338

[INFO ] ===============================================================
[INFO ] Target signature found: ACSDD
[INFO ] Using absolute addressing for calibration segments
[INFO ] ===============================================================
[INFO ] Registering event information:
[INFO ] ===============================================================
[INFO ] Found XCP event descriptor memory section at address = 0x00030358, size = 64 bytes
[INFO ] Event definition for event 'bar' found in main_cpp:bar, addr = 0x30358
[INFO ] New event 'bar' found: event id = 0
[INFO ] Event definition for event 'foo' found in main_cpp:foo, addr = 0x30368
[INFO ] New event 'foo' found: event id = 1
[INFO ] Event definition for event 'task' found in main_cpp:task, addr = 0x30378
[INFO ] New event 'task' found: event id = 2
[INFO ] Event definition for event 'mainloop' found in main_cpp:main, addr = 0x30388
[INFO ] New event 'mainloop' found: event id = 3
[INFO ] ===============================================================
[INFO ] Registering segment information (absolute addressing mode):
[INFO ] ===============================================================
Found 4 segment definition marker variables:
0: 'epk' - number=Some(0), addr=00000000'
1: 'params' - number=Some(1), addr=000302D8'
2: 'counter_ctl_params' - number=Some(2), addr=000302F8'
3: 'task_counter_ctl_params' - number=Some(3), addr=00030318'
[INFO ] Calibration segment 'epk' not yet defined in registry
[INFO ] Created segment 0: 'epk':  addr = 0x00010238, size = 32, mem_addr = 0x00010238
[INFO ] Calibration segment 'params' default page variable found in debug data: Address = 0xcc40, Size = 0x40
[INFO ] Calibration segment 'params' not yet defined in registry
[INFO ] Created segment 1: 'params':  addr = 0x0000CC40, size = 64, mem_addr = 0x0000CC40
[INFO ] Calibration segment 'counter_ctl_params' default page variable found in debug data: Address = 0xcc80, Size = 0x8
[INFO ] Calibration segment 'counter_ctl_params' not yet defined in registry
[INFO ] Created segment 2: 'counter_ctl_params':  addr = 0x0000CC80, size = 8, mem_addr = 0x0000CC80
[INFO ] Calibration segment 'task_counter_ctl_params' default page variable found in debug data: Address = 0xcc98, Size = 0xc
[INFO ] Calibration segment 'task_counter_ctl_params' not yet defined in registry
[INFO ] Created segment 3: 'task_counter_ctl_params':  addr = 0x0000CC98, size = 12, mem_addr = 0x0000CC98
[INFO ] ===============================================================
[INFO ] EPK string 'V2.1.10' found at address 0x00010238
  EPK 'V2.1.10', ADDR_EPK = 0xFFFFFF00
[INFO ] ===============================================================
[INFO ] Registering event locations:
[INFO ] ===============================================================
[INFO ] Event bar trigger found in main_cpp:bar, address resolver mode AAS
[WARN ] Event 'bar' is triggered in function 'bar', which the compiler inlined: the stack frame of an inlined function is ambiguous, its stack relative variables are not registered. Mark the function XCP_NOINLINE (inc/xcplib.h) to measure them, or capture them with DaqTriggerEventCapture
  Event 'bar' trigger in function 'bar', frame base FramePointer
[INFO ] Event foo trigger found in main_cpp:foo, address resolver mode AASR
  Event 'foo' trigger in function 'foo', frame base FramePointer
[INFO ] Event task trigger found in main_cpp:task, address resolver mode AASR
  Event 'task' trigger in function 'task', frame base FramePointer
[INFO ] Event mainloop trigger found in main_cpp:main, address resolver mode AASR
  Event 'mainloop' trigger in function 'main', frame base FramePointer
[INFO ] ===============================================================
[INFO ] Registering variables:
[INFO ] ===============================================================
[INFO ] Default event 'mainloop' (id 3) for global and static variables without an event trigger
[INFO ] Compilation unit filter: 'main'
[INFO ] Global variable 'gRun', event id = Some(3)
        Registered variable 'gRun' type_name = 'atomic<bool>', size = 1, event_id = Some(3)
[INFO ] Global variable 'global_counter', event id = Some(3)
        Registered variable 'global_counter' type_name = 'uint16_t', size = 2, event_id = Some(3)
[INFO ] Global variable 'global_test_uint8', event id = Some(3)
        Registered variable 'global_test_uint8' type_name = 'uint8_t', size = 1, event_id = Some(3)
[INFO ] Global variable 'global_test_uint16', event id = Some(3)
        Registered variable 'global_test_uint16' type_name = 'uint16_t', size = 2, event_id = Some(3)
[INFO ] Global variable 'global_test_uint32', event id = Some(3)
        Registered variable 'global_test_uint32' type_name = 'uint32_t', size = 4, event_id = Some(3)
[INFO ] Global variable 'global_test_uint64', event id = Some(3)
        Registered variable 'global_test_uint64' type_name = 'uint64_t', size = 8, event_id = Some(3)
[INFO ] Global variable 'global_test_int8', event id = Some(3)
        Registered variable 'global_test_int8' type_name = 'int8_t', size = 1, event_id = Some(3)
[INFO ] Global variable 'global_test_int16', event id = Some(3)
        Registered variable 'global_test_int16' type_name = 'int16_t', size = 2, event_id = Some(3)
[INFO ] Global variable 'global_test_int32', event id = Some(3)
        Registered variable 'global_test_int32' type_name = 'int32_t', size = 4, event_id = Some(3)
[INFO ] Global variable 'global_test_int64', event id = Some(3)
        Registered variable 'global_test_int64' type_name = 'int64_t', size = 8, event_id = Some(3)
[INFO ] Global variable 'global_test_float', event id = Some(3)
        Registered variable 'global_test_float' type_name = 'float', size = 4, event_id = Some(3)
[INFO ] Global variable 'global_test_double', event id = Some(3)
        Registered variable 'global_test_double' type_name = 'double', size = 8, event_id = Some(3)
[INFO ] Global variable 'global_test_bool', event id = Some(3)
        Registered variable 'global_test_bool' type_name = 'bool', size = 1, event_id = Some(3)
[INFO ] Global variable 'global_test_array', event id = Some(3)
        Registered variable 'global_test_array' type_name = 'uint8_t', size = 3, event_id = Some(3)
[INFO ] Global variable 'global_test_struct', event id = Some(3)
        Registered variable 'global_test_struct' type_name = 'test_struct', size = 12, event_id = Some(3)
[INFO ] Global variable 'global_test_class', event id = Some(3)
        Registered variable 'global_test_class' type_name = 'test_class', size = 24, event_id = Some(3)
[INFO ] Global variable 'input', event id = Some(3)
[INFO ] Struct/class type 'Input' in main_cpp registered as typedef 'motor_control.Input', the type name is used in different scopes
        Registered variable 'motor_control.input' type_name = 'Input', size = 4, event_id = Some(3)
[INFO ] Global variable 'input', event id = Some(3)
[INFO ] Struct/class type 'Input' in main_cpp registered as typedef 'valve_control.Input', the type name is used in different scopes
        Registered variable 'valve_control.input' type_name = 'Input', size = 8, event_id = Some(3)
[INFO ] Global variable 'counter_ctl', event id = Some(3)
        Registered variable 'counter_ctl' type_name = 'CounterControl<unsigned short, CounterCtlParamsTemplate<unsigned short> >', size = 16, event_id = Some(3)
[INFO ] Static variable 'static_counter' local to function 'Some("bar")', event id = 0
        Registered variable 'bar.static_counter' type_name = 'uint16_t', size = 2, event_id = Some(0)
[INFO ] Static variable 'static_counter' local to function 'Some("foo")', event id = 1
        Registered variable 'foo.static_counter' type_name = 'uint16_t', size = 2, event_id = Some(1)
[INFO ] Static variable 'static_counter' local to function 'Some("task")', event id = 2
        Registered variable 'task.static_counter' type_name = 'uint32_t', size = 4, event_id = Some(2)
[INFO ] Static variable 'static_counter' local to function 'Some("main")', event id = 3
        Registered variable 'main.static_counter' type_name = 'uint16_t', size = 2, event_id = Some(3)
[WARN ] Local variable 'counter' in function 'bar' not registered, it has no location in the debug information, not implemented yet
[INFO ] Local variable 'test_struct' in function 'Some("foo")', event id = Some(1), offset = -16
        Registered variable 'foo.test_struct' type_name = 'test_struct', size = 12, event_id = Some(1)
[INFO ] Local variable 'test_array' in function 'Some("foo")', event id = Some(1), offset = 24
        Registered variable 'foo.test_array' type_name = 'uint8_t', size = 3, event_id = Some(1)
[INFO ] Local variable 'test_float' in function 'Some("foo")', event id = Some(1), offset = -20
        Registered variable 'foo.test_float' type_name = 'float', size = 4, event_id = Some(1)
[INFO ] Local variable 'test_double' in function 'Some("foo")', event id = Some(1), offset = -32
        Registered variable 'foo.test_double' type_name = 'double', size = 8, event_id = Some(1)
[INFO ] Local variable 'test_uint8' in function 'Some("foo")', event id = Some(1), offset = -36
        Registered variable 'foo.test_uint8' type_name = 'uint8_t', size = 1, event_id = Some(1)
[INFO ] Local variable 'test_uint16' in function 'Some("foo")', event id = Some(1), offset = -40
        Registered variable 'foo.test_uint16' type_name = 'uint16_t', size = 2, event_id = Some(1)
[INFO ] Local variable 'test_uint32' in function 'Some("foo")', event id = Some(1), offset = -44
        Registered variable 'foo.test_uint32' type_name = 'uint32_t', size = 4, event_id = Some(1)
[INFO ] Local variable 'test_uint64' in function 'Some("foo")', event id = Some(1), offset = -56
        Registered variable 'foo.test_uint64' type_name = 'uint64_t', size = 8, event_id = Some(1)
[INFO ] Static variable 'task_counter_ctl_params' local to function 'Some("task")', event id = 2
        Registered variable 'task_counter_ctl_params' type_name = 'TaskCounterCtlParams', size = 12, event_id = Some(2)
[INFO ] Static variable 'calseg_id_task_counter_ctl_params' local to function 'Some("task")', event id = 2
        Registered variable 'calseg_id_task_counter_ctl_params' type_name = 'tXcpCalSegIndex', size = 2, event_id = Some(2)
[WARN ] Local variable 'counter_ctl_task_calseg_handle' in function 'task' not registered, it has no location in the debug information, not implemented yet
[WARN ] Local variable 'cal' in function 'step' not registered, it has no location in the debug information, not implemented yet
[WARN ] Local variable 'cal' in function 'step' not registered, it has no location in the debug information, not implemented yet
[INFO ] Global variable 'params', event id = Some(3)
        Registered variable 'params' type_name = 'params', size = 64, event_id = Some(3)
[INFO ] Global variable 'calseg_id_params', event id = Some(3)
        Registered variable 'calseg_id_params' type_name = 'tXcpCalSegIndex', size = 2, event_id = Some(3)
[INFO ] Global variable 'counter_ctl_params', event id = Some(3)
        Registered variable 'counter_ctl_params' type_name = 'CounterCtlParams', size = 8, event_id = Some(3)
[INFO ] Global variable 'calseg_id_counter_ctl_params', event id = Some(3)
        Registered variable 'calseg_id_counter_ctl_params' type_name = 'tXcpCalSegIndex', size = 2, event_id = Some(3)
[INFO ] Global variable 'counter_ctl_calseg_handle', event id = Some(3)
        Registered variable 'counter_ctl_calseg_handle' type_name = 'CalSegRef<const CounterCtlParamsTemplate<unsigned short> >', size = 16, event_id = Some(3)
[INFO ] Global variable 'OPTION_PROJECT_NAME', event id = Some(3)
        Registered variable 'OPTION_PROJECT_NAME' type_name = 'char', size = 16, event_id = Some(3)
[INFO ] Global variable 'OPTION_SERVER_ADDR', event id = Some(3)
        Registered variable 'OPTION_SERVER_ADDR' type_name = 'uint8_t', size = 4, event_id = Some(3)
[INFO ] Global variable 'global_static_counter', event id = Some(3)
        Registered variable 'global_static_counter' type_name = 'uint16_t', size = 2, event_id = Some(3)
[INFO ] ===============================================================
[INFO ] Registering captured variables:
[INFO ] ===============================================================
[INFO ] Capture of event 'foo' in function 'foo' with 7 variables
[INFO ] Captured variable 'test_struct2' in function 'foo', event id = 1, offset = 0
[INFO ] Captured variable 'test_array2' in function 'foo', event id = 1, offset = 12
[INFO ] Captured variable 'counter' in function 'foo', event id = 1, offset = 16
[INFO ] Captured variable 'test_int8' in function 'foo', event id = 1, offset = 20
[INFO ] Captured variable 'test_int16' in function 'foo', event id = 1, offset = 22
[INFO ] Captured variable 'test_int32' in function 'foo', event id = 1, offset = 24
[INFO ] Captured variable 'test_int64' in function 'foo', event id = 1, offset = 32
[INFO ] Capture of event 'task' in function 'task' with 1 variables
[INFO ] Captured variable 'counter' in function 'task', event id = 2, offset = 0
[INFO ] Capture of event 'mainloop' in function 'main' with 1 variables
[INFO ] Captured variable 'counter' in function 'main', event id = 3, offset = 0
[INFO ] ===============================================================
[INFO ] Registering metadata from xcp_meta section:
[INFO ] ===============================================================
[INFO ] Metadata xcp_meta__min__params__delay_us applied to typedef field 'params.delay_us'
[INFO ] Metadata xcp_meta__max__params__delay_us applied to typedef field 'params.delay_us'
[INFO ] Metadata xcp_meta__unit__params__delay_us applied to typedef field 'params.delay_us'
[INFO ] Metadata comment xcp_meta__comment__global_counter applied to instance 'global_counter'
[INFO ] Metadata comment xcp_meta__comment__input applied to instance 'motor_control.input'
[INFO ] Metadata comment xcp_meta__comment__input applied to instance 'valve_control.input'
[INFO ] Metadata comment xcp_meta__comment__bar__static_counter applied to instance 'bar.static_counter'
[INFO ] Metadata read_write xcp_meta__read_write__bar__static_counter applied to instance 'bar.static_counter'
[INFO ] Metadata comment xcp_meta__comment__static_counter applied to instance 'foo.static_counter'
[INFO ] Metadata comment xcp_meta__comment__counter applied to instance 'foo.counter'
[INFO ] Metadata comment xcp_meta__comment__task__static_counter applied to instance 'task.static_counter'
[INFO ] Metadata comment xcp_meta__comment__task__counter applied to instance 'task.counter'
[INFO ] Metadata comment xcp_meta__comment__main__counter applied to instance 'main.counter'
[INFO ] Metadata comment xcp_meta__comment__main__static_counter applied to instance 'main.static_counter'
[INFO ] ===============================================================
[INFO ] Write A2L file "/Users/rainer/git/XCPlite-RainerZ/examples/no_a2l_demo_cpp/CANape/no_a2l_demo_cpp.a2l"
[INFO ] A2L writer: transport layer: UDP 192.168.8.135:5555
[INFO ] Check A2L file "/Users/rainer/git/XCPlite-RainerZ/examples/no_a2l_demo_cpp/CANape/no_a2l_demo_cpp.a2l"
[INFO ] A2L file check ok
[INFO ] Created A2L with file: /Users/rainer/git/XCPlite-RainerZ/examples/no_a2l_demo_cpp/CANape/no_a2l_demo_cpp.a2l ELF/DWARF information only,  offline mode
[INFO ] Flattening typedef structure in registry into mangled instance names !
[INFO ] Default event 'mainloop' resolved to event id 3
