
[INFO ] xcp_client - version 4.0.1
[INFO ] Default event mainloop for variables without a fixed event
[INFO ] Using A2L file name from command line argument: /Users/rainer/git/XCPlite-RainerZ/examples/no_a2l_demo/CANape/no_a2l_demo.a2l
[INFO ] A2L path: /Users/rainer/git/XCPlite-RainerZ/examples/no_a2l_demo/CANape/no_a2l_demo.a2l
[INFO ] Generate A2L file /Users/rainer/git/XCPlite-RainerZ/examples/no_a2l_demo/CANape/no_a2l_demo.a2l with ELF/DWARF information only,  offline mode 
[INFO ] Reading ELF file: /Users/rainer/git/XCPlite-RainerZ/examples/no_a2l_demo/CANape/no_a2l_demo.elf
[INFO ] Parsing ELF object file /Users/rainer/git/XCPlite-RainerZ/examples/no_a2l_demo/CANape/no_a2l_demo.elf

====================================================================================================
Format: Elf
Architecture: Aarch64
Endianness: Little

Sections:
  Name: .interp              Addr: 0x00000238 Size: 27 bytes Kind: ReadOnlyData 
  Name: .note.gnu.build-id   Addr: 0x00000254 Size: 36 bytes Kind: Note 
  Name: .note.ABI-tag        Addr: 0x00000278 Size: 32 bytes Kind: Note 
  Name: .hash                Addr: 0x00000298 Size: 556 bytes Kind: Metadata 
  Name: .gnu.hash            Addr: 0x000004c8 Size: 28 bytes Kind: Elf(1879048182) 
  Name: .dynsym              Addr: 0x000004e8 Size: 1680 bytes Kind: Metadata 
  Name: .dynstr              Addr: 0x00000b78 Size: 796 bytes Kind: Metadata 
  Name: .gnu.version         Addr: 0x00000e94 Size: 140 bytes Kind: Elf(1879048191) 
  Name: .gnu.version_r       Addr: 0x00000f20 Size: 80 bytes Kind: Elf(1879048190) 
  Name: .rela.dyn            Addr: 0x00000f70 Size: 744 bytes Kind: Metadata 
  Name: .rela.plt            Addr: 0x00001258 Size: 1536 bytes Kind: Metadata 
  Name: .init                Addr: 0x00001858 Size: 24 bytes Kind: Text 
  Name: .plt                 Addr: 0x00001870 Size: 1056 bytes Kind: Text 
  Name: .text                Addr: 0x00001cc0 Size: 42368 bytes Kind: Text 
  Name: .fini                Addr: 0x0000c240 Size: 20 bytes Kind: Text 
  Name: .rodata              Addr: 0x0000c258 Size: 13862 bytes Kind: ReadOnlyData 
  Name: xcp_meta             Addr: 0x0000f880 Size: 410 bytes Kind: ReadOnlyData 
  Name: xcp_epk              Addr: 0x0000fa1a Size: 8 bytes Kind: ReadOnlyData 
  Name: .eh_frame_hdr        Addr: 0x0000fa24 Size: 1692 bytes Kind: ReadOnlyData 
  Name: .eh_frame            Addr: 0x000100c0 Size: 6060 bytes Kind: ReadOnlyData 
  Name: .init_array          Addr: 0x0002fd48 Size: 16 bytes Kind: Elf(14) 
  Name: .fini_array          Addr: 0x0002fd58 Size: 8 bytes Kind: Elf(15) 
  Name: .dynamic             Addr: 0x0002fd60 Size: 528 bytes Kind: Metadata 
  Name: .got                 Addr: 0x0002ff70 Size: 120 bytes Kind: Data 
  Name: .got.plt             Addr: 0x0002ffe8 Size: 536 bytes Kind: Data 
  Name: .data                Addr: 0x00030200 Size: 102 bytes Kind: Data 
  Name: xcp_cals             Addr: 0x00030268 Size: 96 bytes Kind: Data 
  Name: xcp_evts             Addr: 0x000302c8 Size: 64 bytes Kind: Data 
  Name: .bss                 Addr: 0x00030308 Size: 9984 bytes Kind: UninitializedData 
  Name: .comment             Addr: 0x00000000 Size: 67 bytes Kind: OtherString 
  Name: .debug_info          Addr: 0x00000000 Size: 32037 bytes Kind: Other 
  Name: .debug_abbrev        Addr: 0x00000000 Size: 6887 bytes Kind: Other 
  Name: .debug_line          Addr: 0x00000000 Size: 24747 bytes Kind: Other 
  Name: .debug_str           Addr: 0x00000000 Size: 13323 bytes Kind: OtherString 
  Name: .debug_addr          Addr: 0x00000000 Size: 5904 bytes Kind: Other 
  Name: .debug_line_str      Addr: 0x00000000 Size: 1140 bytes Kind: OtherString 
  Name: .debug_loclists      Addr: 0x00000000 Size: 16653 bytes Kind: Other 
  Name: .debug_rnglists      Addr: 0x00000000 Size: 2248 bytes Kind: Other 
  Name: .debug_str_offsets   Addr: 0x00000000 Size: 6912 bytes Kind: Other 
  Name: .symtab              Addr: 0x00000000 Size: 14904 bytes Kind: Metadata 
  Name: .strtab              Addr: 0x00000000 Size: 7311 bytes Kind: Metadata 
  Name: .shstrtab            Addr: 0x00000000 Size: 422 bytes Kind: Metadata 

[INFO ] Loading DWARF sections
[INFO ] EPK string read from xcp_epk section: 'V2.1.10' at address 0x0000FA1A
[WARN ] main_c:163: 'heap_struct': variable location is stack-pointer-relative (DW_OP_breg31 <offset>), not frame-base-relative; not measurable yet, eval_result=RequiresRegister { register: Register(31), base_type: UnitOffset(0) }
[WARN ] main_c:182: 'delay': location is a register Register(19)
[WARN ] main_c:241: 'test_int16': variable location is stack-pointer-relative (DW_OP_breg31 <offset>), not frame-base-relative; not measurable yet, eval_result=RequiresRegister { register: Register(31), base_type: UnitOffset(0) }
[WARN ] main_c:242: 'test_int32': variable location is stack-pointer-relative (DW_OP_breg31 <offset>), not frame-base-relative; not measurable yet, eval_result=RequiresRegister { register: Register(31), base_type: UnitOffset(0) }
[WARN ] main_c:243: 'test_int64': variable location is stack-pointer-relative (DW_OP_breg31 <offset>), not frame-base-relative; not measurable yet, eval_result=RequiresRegister { register: Register(31), base_type: UnitOffset(0) }
[WARN ] main_c: 'counter': variable location is stack-pointer-relative (DW_OP_breg31 <offset>), not frame-base-relative; not measurable yet, eval_result=RequiresRegister { register: Register(31), base_type: UnitOffset(0) }
[WARN ] main_c:363: 'delay': location is a register Register(21)
[WARN ] main_c:333: 'p_counter_control': location is a register Register(0)
[WARN ] main_c:346: 'p_params': location is a register Register(21)
[INFO ] Compiler: Debian clang version 14.0.6

====================================================================================================
DebugData information summary:
  Compilation units: 9 units
  Compiler: Debian clang version 14.0.6
  Sections: 29
  Endianness: Little Endian
  Variables 613 with 254 unique names
  Demangled names: 0 entries
  Type names: 116 named types
  Types: 469 total types
  EPK string: `V2.1.10` at address 0x0000FA1A
  XCP metadata section (xcp_meta) found at address 0x0000F880, 410 bytes

====================================================================================================
Compilation units in debug_data.unit_names:
  Unit 0: main_c
  Unit 1: xcpappl_c
  Unit 2: xcplite_c
  Unit 3: xcpethserver_c
  Unit 4: xcpethtl_c
  Unit 5: queue64v_c
  Unit 6: cal_c
  Unit 7: platform_c
  Unit 8: sockets_c

====================================================================================================
DWARF sections by address:
  '.interp': 0x00000238, 568 bytes (595)
  '.note.gnu.build-id': 0x00000254, 28 bytes (632)
  '.note.ABI-tag': 0x00000278, 36 bytes (664)
  '.hash': 0x00000298, 32 bytes (1220)
  '.gnu.hash': 0x000004c8, 560 bytes (1252)
  '.dynsym': 0x000004e8, 32 bytes (2936)
  '.dynstr': 0x00000b78, 1680 bytes (3732)
  '.gnu.version': 0x00000e94, 796 bytes (3872)
  '.gnu.version_r': 0x00000f20, 140 bytes (3952)
  '.rela.dyn': 0x00000f70, 80 bytes (4696)
  '.rela.plt': 0x00001258, 744 bytes (6232)
  '.init': 0x00001858, 1536 bytes (6256)
  '.plt': 0x00001870, 24 bytes (7312)
  '.text': 0x00001cc0, 1104 bytes (49728)
  '.fini': 0x0000c240, 42368 bytes (49748)
  '.rodata': 0x0000c258, 24 bytes (63614)
  'xcp_meta': 0x0000f880, 13864 bytes (64026)
  'xcp_epk': 0x0000fa1a, 410 bytes (64034)
  '.eh_frame_hdr': 0x0000fa24, 10 bytes (65728)
  '.eh_frame': 0x000100c0, 1692 bytes (71788)
  '.init_array': 0x0002fd48, 130184 bytes (195928)
  '.fini_array': 0x0002fd58, 16 bytes (195936)
  '.dynamic': 0x0002fd60, 8 bytes (196464)
  '.got': 0x0002ff70, 528 bytes (196584)
  '.got.plt': 0x0002ffe8, 120 bytes (197120)
  '.data': 0x00030200, 536 bytes (197222)
  'xcp_cals': 0x00030268, 104 bytes (197320)
  'xcp_evts': 0x000302c8, 96 bytes (197384)
  '.bss': 0x00030308, 64 bytes (207368)

====================================================================================================
A2L Creator variables:
calseg__params':  main_c:'<global>' : addr=0:0x00030268
xcp_meta__min__params__delay_us':  main_c:'<global>' : addr=0:0x0000F880
xcp_meta__max__params__delay_us':  main_c:'<global>' : addr=0:0x0000F888
xcp_meta__unit__params__delay_us':  main_c:'<global>' : addr=0:0x0000F890
xcp_meta__comment__counter':  main_c:'<global>' : addr=0:0x0000F893
xcp_meta__read_write__counter':  main_c:'<global>' : addr=0:0x0000F8AF
xcp_meta__comment__global_counter':  main_c:'<global>' : addr=0:0x0000F8B0
xcp_meta__read_write__global_counter':  main_c:'<global>' : addr=0:0x0000F8CC
xcp_meta__comment__static_counter':  main_c:'task' : addr=0:0x0000F8CD
evt__task':  main_c:'task' : addr=0:0x000302C8
trg__AASD__task':  main_c:'task' : addr=0:0x00000000
xcp_meta__comment__bar__static_counter':  main_c:'bar' : addr=0:0x0000F93E
xcp_meta__read_write__bar__static_counter':  main_c:'bar' : addr=0:0x0000F97A
evt__bar':  main_c:'bar' : addr=0:0x000302D8
trg__AAS__bar':  main_c:'bar' : addr=0:0x00000000
evt__foo':  main_c:'foo' : addr=0:0x000302E8
trg__AASR__foo':  main_c:'foo' : addr=0:0x00000000
cap__foo':  main_c:'foo' : addr=128:0x00000000
xcp_epk__':  main_c:'main' : addr=0:0x0000FA1A
calseg__counter_control':  main_c:'main' : addr=0:0x00030288
evt__mainloop':  main_c:'main' : addr=0:0x000302F8
trg__AAS__mainloop':  main_c:'main' : addr=0:0x00000000
xcp_epk__keep':  main_c:'main' : addr=128:0x00000000
XCPLITE__ACSDD':  xcplite_c:'<global>' : addr=0:0x0000C940
calseg__epk':  xcplite_c:'XcpInit' : addr=0:0x000302A8

[INFO ] ===============================================================
[INFO ] Target signature found: ACSDD
[INFO ] Using absolute addressing for calibration segments
[INFO ] ===============================================================
[INFO ] Registering event information:
[INFO ] ===============================================================
[INFO ] Found XCP event descriptor memory section at address = 0x000302C8, size = 64 bytes
[INFO ] Event definition for event 'task' found in main_c:task, addr = 0x302c8
[INFO ] New event 'task' found: event id = 0
[INFO ] Event definition for event 'bar' found in main_c:bar, addr = 0x302d8
[INFO ] New event 'bar' found: event id = 1
[INFO ] Event definition for event 'foo' found in main_c:foo, addr = 0x302e8
[INFO ] New event 'foo' found: event id = 2
[INFO ] Event definition for event 'mainloop' found in main_c:main, addr = 0x302f8
[INFO ] New event 'mainloop' found: event id = 3
[INFO ] ===============================================================
[INFO ] Registering segment information (absolute addressing mode):
[INFO ] ===============================================================
Found 3 segment definition marker variables:
0: 'epk' - number=Some(0), addr=00000000'
1: 'params' - number=Some(1), addr=00030268'
2: 'counter_control' - number=Some(2), addr=00030288'
[INFO ] Calibration segment 'epk' not yet defined in registry
[INFO ] Created segment 0: 'epk':  addr = 0x0000FA1A, size = 32, mem_addr = 0x0000FA1A
[INFO ] Calibration segment 'params' default page variable found in debug data: Address = 0xc268, Size = 0x48
[INFO ] Calibration segment 'params' not yet defined in registry
[INFO ] Created segment 1: 'params':  addr = 0x0000C268, size = 72, mem_addr = 0x0000C268
[INFO ] Calibration segment 'counter_control' default page variable found in debug data: Address = 0xc260, Size = 0x4
[INFO ] Calibration segment 'counter_control' not yet defined in registry
[INFO ] Created segment 2: 'counter_control':  addr = 0x0000C260, size = 4, mem_addr = 0x0000C260
[INFO ] ===============================================================
[INFO ] EPK string 'V2.1.10' found at address 0x0000FA1A
  EPK 'V2.1.10', ADDR_EPK = 0xFFFFFF00
[INFO ] ===============================================================
[INFO ] Registering event locations:
[INFO ] ===============================================================
[INFO ] Event task trigger found in main_c:task, address resolver mode AASD
  Event 'task' trigger in function 'task', frame base FramePointer
[INFO ] Event bar trigger found in main_c:bar, address resolver mode AAS
[WARN ] Event 'bar' is triggered in function 'bar', which the compiler inlined: the stack frame of an inlined function is ambiguous, its stack relative variables are not registered. Mark the function XCP_NOINLINE (inc/xcplib.h) to measure them, or capture them with DaqTriggerEventCapture
  Event 'bar' trigger in function 'bar', frame base FramePointer
[INFO ] Event foo trigger found in main_c:foo, address resolver mode AASR
  Event 'foo' trigger in function 'foo', frame base FramePointer
[INFO ] Event mainloop trigger found in main_c:main, address resolver mode AAS
  Event 'mainloop' trigger in function 'main', frame base FramePointer
[INFO ] ===============================================================
[INFO ] Registering variables:
[INFO ] ===============================================================
[INFO ] Default event 'mainloop' (id 3) for global and static variables without an event trigger
[INFO ] Compilation unit filter: 'main'
[INFO ] Global variable 'counter_control', event id = Some(3)
        Registered variable 'counter_control' type_name = 'counter_control', size = 4, event_id = Some(3)
[INFO ] Global variable 'params', event id = Some(3)
        Registered variable 'params' type_name = 'params', size = 72, event_id = Some(3)
[INFO ] Global variable 'counter', event id = Some(3)
        Registered variable 'counter' type_name = 'uint16_t', size = 2, event_id = Some(3)
[INFO ] Local variable 'counter' in function 'Some("task")', event id = Some(0), offset = 28
        Registered variable 'task.counter' type_name = 'uint32_t', size = 4, event_id = Some(0)
[WARN ] Local variable 'counter' in function 'bar' not registered, it has no location in the debug information, not implemented yet
[INFO ] Global variable 'global_counter', event id = Some(3)
        Registered variable 'global_counter' type_name = 'uint16_t', size = 2, event_id = Some(3)
[INFO ] Global variable 'global_test_uint8', event id = Some(3)
        Registered variable 'global_test_uint8' type_name = 'uint8_t', size = 1, event_id = Some(3)
[INFO ] Global variable 'global_test_uint16', event id = Some(3)
        Registered variable 'global_test_uint16' type_name = 'uint16_t', size = 2, event_id = Some(3)
[INFO ] Global variable 'global_test_uint32', event id = Some(3)
        Registered variable 'global_test_uint32' type_name = 'uint32_t', size = 4, event_id = Some(3)
[INFO ] Global variable 'global_test_uint64', event id = Some(3)
        Registered variable 'global_test_uint64' type_name = 'uint64_t', size = 8, event_id = Some(3)
[INFO ] Global variable 'global_test_int8', event id = Some(3)
        Registered variable 'global_test_int8' type_name = 'int8_t', size = 1, event_id = Some(3)
[INFO ] Global variable 'global_test_int16', event id = Some(3)
        Registered variable 'global_test_int16' type_name = 'int16_t', size = 2, event_id = Some(3)
[INFO ] Global variable 'global_test_int32', event id = Some(3)
        Registered variable 'global_test_int32' type_name = 'int32_t', size = 4, event_id = Some(3)
[INFO ] Global variable 'global_test_int64', event id = Some(3)
        Registered variable 'global_test_int64' type_name = 'int64_t', size = 8, event_id = Some(3)
[INFO ] Global variable 'global_test_float', event id = Some(3)
        Registered variable 'global_test_float' type_name = 'float', size = 4, event_id = Some(3)
[INFO ] Global variable 'global_test_double', event id = Some(3)
        Registered variable 'global_test_double' type_name = 'double', size = 8, event_id = Some(3)
[INFO ] Global variable 'global_test_bool', event id = Some(3)
        Registered variable 'global_test_bool' type_name = '_Bool', size = 1, event_id = Some(3)
[INFO ] Global variable 'global_test_array', event id = Some(3)
        Registered variable 'global_test_array' type_name = 'uint8_t', size = 3, event_id = Some(3)
[INFO ] Global variable 'global_test_struct', event id = Some(3)
        Registered variable 'global_test_struct' type_name = 'test_struct', size = 12, event_id = Some(3)
[INFO ] Static variable 'static_counter' local to function 'Some("task")', event id = 0
        Registered variable 'task.static_counter' type_name = 'uint16_t', size = 2, event_id = Some(0)
[INFO ] Static variable 'static_counter' local to function 'Some("bar")', event id = 1
        Registered variable 'bar.static_counter' type_name = 'uint16_t', size = 2, event_id = Some(1)
[INFO ] Static variable 'static_counter' local to function 'Some("foo")', event id = 2
        Registered variable 'foo.static_counter' type_name = 'uint16_t', size = 2, event_id = Some(2)
[INFO ] Static variable 'static_counter' local to function 'Some("main")', event id = 3
        Registered variable 'main.static_counter' type_name = 'uint16_t', size = 2, event_id = Some(3)
[INFO ] Local variable 'test_struct' in function 'Some("foo")', event id = Some(2), offset = -16
        Registered variable 'foo.test_struct' type_name = 'test_struct', size = 12, event_id = Some(2)
[INFO ] Local variable 'test_array' in function 'Some("foo")', event id = Some(2), offset = 24
        Registered variable 'foo.test_array' type_name = 'uint8_t', size = 3, event_id = Some(2)
[INFO ] Local variable 'test_float' in function 'Some("foo")', event id = Some(2), offset = -20
        Registered variable 'foo.test_float' type_name = 'float', size = 4, event_id = Some(2)
[INFO ] Local variable 'test_double' in function 'Some("foo")', event id = Some(2), offset = -32
        Registered variable 'foo.test_double' type_name = 'double', size = 8, event_id = Some(2)
[INFO ] Local variable 'test_uint8' in function 'Some("foo")', event id = Some(2), offset = -36
        Registered variable 'foo.test_uint8' type_name = 'uint8_t', size = 1, event_id = Some(2)
[INFO ] Local variable 'test_uint16' in function 'Some("foo")', event id = Some(2), offset = -40
        Registered variable 'foo.test_uint16' type_name = 'uint16_t', size = 2, event_id = Some(2)
[INFO ] Local variable 'test_uint32' in function 'Some("foo")', event id = Some(2), offset = -44
        Registered variable 'foo.test_uint32' type_name = 'uint32_t', size = 4, event_id = Some(2)
[INFO ] Local variable 'test_uint64' in function 'Some("foo")', event id = Some(2), offset = -56
        Registered variable 'foo.test_uint64' type_name = 'uint64_t', size = 8, event_id = Some(2)
[INFO ] Static variable 'calseg_id_counter_control' local to function 'Some("main")', event id = 3
        Registered variable 'calseg_id_counter_control' type_name = 'tXcpCalSegIndex', size = 2, event_id = Some(3)
[INFO ] Global variable 'calseg_id_params', event id = Some(3)
        Registered variable 'calseg_id_params' type_name = 'tXcpCalSegIndex', size = 2, event_id = Some(3)
[INFO ] Global variable 'global_running', event id = Some(3)
        Registered variable 'global_running' type_name = '_Bool', size = 1, event_id = Some(3)
[INFO ] ===============================================================
[INFO ] Registering captured variables:
[INFO ] ===============================================================
[INFO ] Capture of event 'foo' in function 'foo' with 7 variables
[INFO ] Captured variable 'test_struct2' in function 'foo', event id = 2, offset = 0
[INFO ] Captured variable 'test_array2' in function 'foo', event id = 2, offset = 12
[INFO ] Captured variable 'counter' in function 'foo', event id = 2, offset = 16
[INFO ] Captured variable 'test_int8' in function 'foo', event id = 2, offset = 20
[INFO ] Captured variable 'test_int16' in function 'foo', event id = 2, offset = 22
[INFO ] Captured variable 'test_int32' in function 'foo', event id = 2, offset = 24
[INFO ] Captured variable 'test_int64' in function 'foo', event id = 2, offset = 32
[INFO ] ===============================================================
[INFO ] Registering metadata from xcp_meta section:
[INFO ] ===============================================================
[INFO ] Metadata xcp_meta__min__params__delay_us applied to typedef field 'params.delay_us'
[INFO ] Metadata xcp_meta__max__params__delay_us applied to typedef field 'params.delay_us'
[INFO ] Metadata xcp_meta__unit__params__delay_us applied to typedef field 'params.delay_us'
[INFO ] Metadata comment xcp_meta__comment__counter applied to instance 'counter'
[INFO ] Metadata comment xcp_meta__comment__counter applied to instance 'task.counter'
[INFO ] Metadata comment xcp_meta__comment__counter applied to instance 'foo.counter'
[INFO ] Metadata read_write xcp_meta__read_write__counter applied to instance 'counter'
[INFO ] Metadata comment xcp_meta__comment__global_counter applied to instance 'global_counter'
[INFO ] Metadata read_write xcp_meta__read_write__global_counter applied to instance 'global_counter'
[INFO ] Metadata comment xcp_meta__comment__static_counter applied to instance 'task.static_counter'
[INFO ] Metadata comment xcp_meta__comment__static_counter applied to instance 'foo.static_counter'
[INFO ] Metadata comment xcp_meta__comment__static_counter applied to instance 'main.static_counter'
[INFO ] Metadata comment xcp_meta__comment__bar__static_counter applied to instance 'bar.static_counter'
[INFO ] Metadata read_write xcp_meta__read_write__bar__static_counter applied to instance 'bar.static_counter'
[INFO ] ===============================================================
[INFO ] Write A2L file "/Users/rainer/git/XCPlite-RainerZ/examples/no_a2l_demo/CANape/no_a2l_demo.a2l"
[INFO ] A2L writer: transport layer: UDP 192.168.8.135:5555
[INFO ] Check A2L file "/Users/rainer/git/XCPlite-RainerZ/examples/no_a2l_demo/CANape/no_a2l_demo.a2l"
[INFO ] A2L file check ok
[INFO ] Created A2L with file: /Users/rainer/git/XCPlite-RainerZ/examples/no_a2l_demo/CANape/no_a2l_demo.a2l ELF/DWARF information only,  offline mode
[INFO ] Flattening typedef structure in registry into mangled instance names !
[INFO ] Default event 'mainloop' resolved to event id 3
